---
source: crates/cofferdam-formatters/tests/snapshots.rs
expression: "JsonFormatter::render_with_baseline_pretty(&tagged)"
---
{
  "findings": [
    {
      "id": "Consistency.QuoteStyle",
      "category": "consistency",
      "priority": -5,
      "severity": "low",
      "file": "src/app.ts",
      "line": 12,
      "column": 5,
      "start_byte": 200,
      "end_byte": 215,
      "message": "use single quotes to match the dominant style in this project",
      "baselined": true
    },
    {
      "id": "Design.DuplicateExportName",
      "category": "design",
      "priority": 5,
      "severity": "medium",
      "file": "src/components/index.ts",
      "line": 3,
      "column": 1,
      "start_byte": 40,
      "end_byte": 56,
      "message": "export `Button` appears in multiple barrel files",
      "related": [
        {
          "file": "src/ui/index.ts",
          "line": 7,
          "column": 1,
          "start_byte": 120,
          "end_byte": 136
        },
        {
          "file": "src/shared/index.ts",
          "line": 2,
          "column": 1,
          "start_byte": 18,
          "end_byte": 34
        }
      ],
      "baselined": false
    },
    {
      "id": "Readability.MaxLineLength",
      "category": "readability",
      "priority": -3,
      "severity": "info",
      "file": "src/utils/format.ts",
      "line": 88,
      "column": 121,
      "start_byte": 3200,
      "end_byte": 3344,
      "message": "line is 145 characters, exceeds limit of 120",
      "baselined": false
    },
    {
      "id": "Refactor.CyclomaticComplexity",
      "category": "refactor",
      "priority": 15,
      "severity": "high",
      "file": "src/orders/processor.ts",
      "line": 22,
      "column": 1,
      "start_byte": 580,
      "end_byte": 620,
      "message": "function `processOrder` has cyclomatic complexity 14, exceeds limit of 10",
      "baselined": false
    },
    {
      "id": "Warning.TripleEquals",
      "category": "warning",
      "priority": 15,
      "severity": "critical",
      "file": "src/auth/validate.ts",
      "line": 47,
      "column": 18,
      "start_byte": 1402,
      "end_byte": 1404,
      "message": "use `===` instead of `==` to avoid type coercion",
      "baselined": true
    }
  ],
  "summary": {
    "total": 5,
    "by_category": {
      "consistency": 1,
      "design": 1,
      "readability": 1,
      "refactor": 1,
      "warning": 1
    },
    "new": 3,
    "baselined": 2
  }
}
